#
# A fatal error has been detected by the Java Runtime Environment:
#
#  EXCEPTION_ACCESS_VIOLATION (0xc0000005) at pc=0x00007ffe3603fb57, pid=17124, tid=4512
#
# JRE version: OpenJDK Runtime Environment Corretto-17.0.17.10.1 (17.0.17+10) (build 17.0.17+10-LTS)
# Java VM: OpenJDK 64-Bit Server VM Corretto-17.0.17.10.1 (17.0.17+10-LTS, mixed mode, sharing, tiered, compressed oops, compressed class ptrs, g1 gc, windows-amd64)
# Problematic frame:
# V  [jvm.dll+0x30fb57]
#
# No core dump will be written. Minidumps are not enabled by default on client versions of Windows
#
# If you would like to submit a bug report, please visit:
#   https://github.com/corretto/corretto-17/issues/
#

---------------  S U M M A R Y ------------

Command Line: --enable-native-access=ALL-UNNAMED -Dclassworlds.conf=C:\Program Files\Apache\Maven\apache-maven-3.9.11\bin\m2.conf -Dmaven.home=C:\Program Files\Apache\Maven\apache-maven-3.9.11 -Dlibrary.jansi.path=C:\Program Files\Apache\Maven\apache-maven-3.9.11\lib\jansi-native -Dmaven.multiModuleProjectDirectory=C:\Users\Soph\Documents\ING. SOFTWARE\QA - AUTOMATION\PROYECTOS\qa-karate-api-bookings org.codehaus.plexus.classworlds.launcher.Launcher clean test -Dtest=mock.MockServerRunner

Host: Intel(R) Core(TM) i5-10400F CPU @ 2.90GHz, 12 cores, 31G,  Windows 11 , 64 bit Build 22621 (10.0.22621.5415)
Time: Thu Nov 20 19:26:33 2025 Hora est. Pacífico, Sudamérica elapsed time: 2.691107 seconds (0d 0h 0m 2s)

---------------  T H R E A D  ---------------

Current thread (0x000002b9892c4220):  GCTaskThread "GC Thread#4" [stack: 0x000000c3ebb00000,0x000000c3ebc00000] [id=4512]

Stack: [0x000000c3ebb00000,0x000000c3ebc00000],  sp=0x000000c3ebbff8a0,  free space=1022k
Native frames: (J=compiled Java code, j=interpreted, Vv=VM code, C=native code)
V  [jvm.dll+0x30fb57]
V  [jvm.dll+0x30f7f1]
V  [jvm.dll+0x2e3569]
V  [jvm.dll+0x2e3bfa]
V  [jvm.dll+0x2e3ce7]
V  [jvm.dll+0x2e9331]
V  [jvm.dll+0x86fab8]
V  [jvm.dll+0x86fb06]
V  [jvm.dll+0x7f187c]
V  [jvm.dll+0x689ee7]
C  [ucrtbase.dll+0x29333]
C  [KERNEL32.DLL+0x1259d]
C  [ntdll.dll+0x5af78]


siginfo: EXCEPTION_ACCESS_VIOLATION (0xc0000005), reading address 0x0000000000000048


Registers:
RAX=0x0000000000000000, RBX=0x000000061c6eb440, RCX=0x0000000000000016, RDX=0x0000000000000000
RSP=0x000000c3ebbff8a0, RBP=0x0000000000000289, RSI=0x000002b916078d00, RDI=0x000002b989a255b0
R8 =0x000000061c6eb428, R9 =0x0000000000000010, R10=0x0000000000000048, R11=0x0000000000000001
R12=0x0000000000000003, R13=0x000002b989a255b0, R14=0x0000000000000000, R15=0x0000000000000000
RIP=0x00007ffe3603fb57, EFLAGS=0x0000000000010246

XMM[0]=0x00000001010f2ec0 0x000000061c6eb2db
XMM[1]=0xc3b98ab1c3b98aa9 0x0000000000000000
XMM[2]=0xc3b8b1fdc3b8b226 0xc3b8b266c3b8b2a5
XMM[3]=0xc3b8b050c3b8b089 0xc3b8b0c6c3b8b0fe
XMM[4]=0xc3b92361c3b92398 0xc3b923d1c3b9240b
XMM[5]=0x0000000000000000 0xc3b98ab1c3b98aa9
XMM[6]=0x00000001cfd91bdf 0x000000000199c922
XMM[7]=0x0000000000000000 0x0000000000000000
XMM[8]=0x0000000000000000 0x0000000000000000
XMM[9]=0x0000000000000000 0x0000000000000000
XMM[10]=0x0000000000000000 0x0000000000000000
XMM[11]=0x0000000000000000 0x0000000000000000
XMM[12]=0x0000000000000000 0x0000000000000000
XMM[13]=0x0000000000000000 0x0000000000000000
XMM[14]=0x0000000000000000 0x0000000000000000
XMM[15]=0x0000000000000000 0x0000000000000000
  MXCSR=0x00001fa0


Register to memory mapping:

RIP=0x00007ffe3603fb57 jvm.dll
RAX=0x0 is NULL
RBX=0x000000061c6eb440 is pointing into object: [Ljava.lang.Object; 
{0x000000061c6eb428} - klass: 'java/lang/Object'[]
 - length: 3
RCX=0x0000000000000016 is an unknown value
RDX=0x0 is NULL
RSP=0x000000c3ebbff8a0 points into unknown readable memory: 0x000000061dc50000 | 00 00 c5 1d 06 00 00 00
RBP=0x0000000000000289 is an unknown value
RSI=0x000002b916078d00 points into unknown readable memory: 0x0000000000000000 | 00 00 00 00 00 00 00 00
RDI=0x000002b989a255b0 points into unknown readable memory: 0x00007ffe36697998 | 98 79 69 36 fe 7f 00 00
R8 =0x000000061c6eb428 is an oop: [Ljava.lang.Object; 
{0x000000061c6eb428} - klass: 'java/lang/Object'[]
 - length: 3
R9 =0x0000000000000010 is an unknown value
R10=0x0000000000000048 is an unknown value
R11=0x0000000000000001 is an unknown value
R12=0x0000000000000003 is an unknown value
R13=0x000002b989a255b0 points into unknown readable memory: 0x00007ffe36697998 | 98 79 69 36 fe 7f 00 00
R14=0x0 is NULL
R15=0x0 is NULL


Top of Stack: (sp=0x000000c3ebbff8a0)
0x000000c3ebbff8a0:   000000061dc50000 0000000000000001
0x000000c3ebbff8b0:   0000000000000000 0000000000000009
0x000000c3ebbff8c0:   000002b989051cd0 000002b984683960
0x000000c3ebbff8d0:   000002b989a255b0 000002b91606c470
0x000000c3ebbff8e0:   000000c3ebbff990 00007ffe3603f7f1
0x000000c3ebbff8f0:   000000061e288942 000000061e288942
0x000000c3ebbff900:   000002b91606c470 000002b91606c470
0x000000c3ebbff910:   0000000000000002 00007ffe36013569
0x000000c3ebbff920:   000000061e288942 0000000000000000
0x000000c3ebbff930:   000000c3ebbffa00 000000c3ebbffa00
0x000000c3ebbff940:   000000000000000a 00007ffe36034247
0x000000c3ebbff950:   0000000000000000 0000000000000000
0x000000c3ebbff960:   000000c3eb000000 00007ffe365300ee
0x000000c3ebbff970:   0000000000000000 0000000000000000
0x000000c3ebbff980:   000000000199c922 00000001cfd91bdf
0x000000c3ebbff990:   000002b989051cd0 000002b984683960
0x000000c3ebbff9a0:   00000000000003d8 000002b9890520b8
0x000000c3ebbff9b0:   0000000000000002 00007ffe36013bfa
0x000000c3ebbff9c0:   000002b989a255b0 0000000000000013
0x000000c3ebbff9d0:   000000c3ea9ff050 0000000000000000
0x000000c3ebbff9e0:   00007ffe36698a60 0000000200000001
0x000000c3ebbff9f0:   000000000199c922 00000001cfd91bdf
0x000000c3ebbffa00:   00007ffe36691198 0000000000000000
0x000000c3ebbffa10:   0000000000000000 0000000000000000
0x000000c3ebbffa20:   000002b916070fc0 000002b989a255b0
0x000000c3ebbffa30:   000002b91606c470 000000c3ea9ff080
0x000000c3ebbffa40:   0000000000000013 0000000000000000
0x000000c3ebbffa50:   0000000000000000 0000000000000000
0x000000c3ebbffa60:   000002b989051ce0 00007ffe36013ce7
0x000000c3ebbffa70:   000002b989a255b0 0000000000000002
0x000000c3ebbffa80:   000000c3ea9ff050 000002b98481a740
0x000000c3ebbffa90:   0000000000000015 0000000000000013 

Instructions: (pc=0x00007ffe3603fb57)
0x00007ffe3603fa57:   00 00 e9 e2 fd ff ff 48 8d 53 fe 48 8b cf e8 96
0x00007ffe3603fa67:   f5 ff ff e9 d1 fd ff ff 90 48 8b 77 10 8b 96 80
0x00007ffe3603fa77:   00 00 00 8b ca 8b 86 00 01 00 00 2b c8 81 e1 ff
0x00007ffe3603fa87:   ff 01 00 41 3b ce 0f 86 46 02 00 00 8d 6a ff 81
0x00007ffe3603fa97:   e5 ff ff 01 00 89 ae 80 00 00 00 e8 39 ce 36 00
0x00007ffe3603faa7:   90 8b cd 8b 86 00 01 00 00 2b c8 48 8b 9e 80 01
0x00007ffe3603fab7:   00 00 81 e1 ff ff 01 00 81 f9 ff ff 01 00 41 0f
0x00007ffe3603fac7:   44 cf 48 8b 1c eb 85 c9 75 3d 90 89 6c 24 50 48
0x00007ffe3603fad7:   8b 86 00 01 00 00 48 8b c8 48 c1 e9 20 ff c1 89
0x00007ffe3603fae7:   4c 24 54 3b e8 0f 85 d5 01 00 00 48 c1 e1 20 48
0x00007ffe3603faf7:   0b cd f0 48 0f b1 8e 00 01 00 00 0f 85 bf 01 00
0x00007ffe3603fb07:   00 8b 86 00 01 00 00 f6 c3 01 0f 84 93 00 00 00
0x00007ffe3603fb17:   8b 0d db 97 81 00 48 ff cb 48 8b 57 08 44 8b 13
0x00007ffe3603fb27:   49 d3 e2 8b 8a b0 05 00 00 4c 03 15 b9 97 81 00
0x00007ffe3603fb37:   48 8b 92 a0 05 00 00 49 8b c2 48 d3 e8 0f b7 14
0x00007ffe3603fb47:   42 0f b7 c2 66 c1 e8 08 84 c0 0f 88 19 ff ff ff
0x00007ffe3603fb57:   4d 8b 02 41 0f b6 c0 24 03 3c 03 75 1e 44 38 3d
0x00007ffe3603fb67:   dd 59 88 00 74 0f 41 0f b6 c0 24 07 3c 05 75 05
0x00007ffe3603fb77:   4d 8b c7 eb 17 49 83 e0 fc eb 11 4d 8b c8 48 8b
0x00007ffe3603fb87:   cf 4d 8b c2 e8 50 f0 ff ff 4c 8b c0 8b 0d 5f 97
0x00007ffe3603fb97:   81 00 49 8b d0 48 2b 15 4d 97 81 00 48 d3 ea 89
0x00007ffe3603fba7:   13 eb 75 f6 c3 03 0f 85 03 01 00 00 48 8b 57 08
0x00007ffe3603fbb7:   4c 8b 13 49 8b c2 8b 8a b0 05 00 00 48 8b 92 a0
0x00007ffe3603fbc7:   05 00 00 48 d3 e8 0f b7 14 42 0f b7 c2 66 c1 e8
0x00007ffe3603fbd7:   08 84 c0 0f 88 90 fe ff ff 4d 8b 02 41 0f b6 c0
0x00007ffe3603fbe7:   24 03 3c 03 75 1e 44 38 3d 54 59 88 00 74 0f 41
0x00007ffe3603fbf7:   0f b6 c0 24 07 3c 05 75 05 4d 8b c7 eb 17 49 83
0x00007ffe3603fc07:   e0 fc eb 11 4d 8b c8 48 8b cf 4d 8b c2 e8 c7 ef
0x00007ffe3603fc17:   ff ff 4c 8b c0 4c 89 03 8b 0d 4b 62 88 00 49 8b
0x00007ffe3603fc27:   d0 48 33 d3 48 d3 ea 48 85 d2 0f 84 39 fe ff ff
0x00007ffe3603fc37:   48 8b 47 08 48 8b d3 8b 88 c0 01 00 00 48 8b 80
0x00007ffe3603fc47:   b0 01 00 00 48 d3 ea 48 8b 0c d0 8b 81 94 00 00 


Stack slot to memory mapping:
stack at sp + 0 slots: 0x000000061dc50000 is pointing into object: [Ljava.lang.Object; 
{0x000000061dc4ffd0} - klass: 'java/lang/Object'[]
 - length: 17
stack at sp + 1 slots: 0x0000000000000001 is an unknown value
stack at sp + 2 slots: 0x0 is NULL
stack at sp + 3 slots: 0x0000000000000009 is an unknown value
stack at sp + 4 slots: 0x000002b989051cd0 points into unknown readable memory: 0x0000000000000000 | 00 00 00 00 00 00 00 00
stack at sp + 5 slots: 0x000002b984683960 points into unknown readable memory: 0x000002b90000000a | 0a 00 00 00 b9 02 00 00
stack at sp + 6 slots: 0x000002b989a255b0 points into unknown readable memory: 0x00007ffe36697998 | 98 79 69 36 fe 7f 00 00
stack at sp + 7 slots: 0x000002b91606c470 points into unknown readable memory: 0x00007ffe366911c0 | c0 11 69 36 fe 7f 00 00


---------------  P R O C E S S  ---------------

Threads class SMR info:
_java_thread_list=0x000002b9897bc3b0, length=15, elements={
0x000002b91605fda0, 0x000002b94018c4a0, 0x000002b94018d230, 0x000002b9401a6bc0,
0x000002b9401a7690, 0x000002b9401aa580, 0x000002b9401ad4a0, 0x000002b9401ce160,
0x000002b984089fc0, 0x000002b98408c4f0, 0x000002b9841b9ee0, 0x000002b9841bd240,
0x000002b98459d8e0, 0x000002b98459b3b0, 0x000002b9895bcbd0
}

Java Threads: ( => current thread )
  0x000002b91605fda0 JavaThread "main" [_thread_blocked, id=20856, stack(0x000000c3ea300000,0x000000c3ea400000)]
  0x000002b94018c4a0 JavaThread "Reference Handler" daemon [_thread_blocked, id=19516, stack(0x000000c3eaa00000,0x000000c3eab00000)]
  0x000002b94018d230 JavaThread "Finalizer" daemon [_thread_blocked, id=19560, stack(0x000000c3eab00000,0x000000c3eac00000)]
  0x000002b9401a6bc0 JavaThread "Signal Dispatcher" daemon [_thread_blocked, id=14120, stack(0x000000c3eac00000,0x000000c3ead00000)]
  0x000002b9401a7690 JavaThread "Attach Listener" daemon [_thread_blocked, id=7368, stack(0x000000c3ead00000,0x000000c3eae00000)]
  0x000002b9401aa580 JavaThread "Service Thread" daemon [_thread_blocked, id=18108, stack(0x000000c3eae00000,0x000000c3eaf00000)]
  0x000002b9401ad4a0 JavaThread "Monitor Deflation Thread" daemon [_thread_blocked, id=7056, stack(0x000000c3eaf00000,0x000000c3eb000000)]
  0x000002b9401ce160 JavaThread "C2 CompilerThread0" daemon [_thread_blocked, id=20176, stack(0x000000c3eb000000,0x000000c3eb100000)]
  0x000002b984089fc0 JavaThread "C1 CompilerThread0" daemon [_thread_blocked, id=9676, stack(0x000000c3eb100000,0x000000c3eb200000)]
  0x000002b98408c4f0 JavaThread "Sweeper thread" daemon [_thread_blocked, id=20236, stack(0x000000c3eb200000,0x000000c3eb300000)]
  0x000002b9841b9ee0 JavaThread "Notification Thread" daemon [_thread_blocked, id=19068, stack(0x000000c3eb300000,0x000000c3eb400000)]
  0x000002b9841bd240 JavaThread "Common-Cleaner" daemon [_thread_blocked, id=15436, stack(0x000000c3eb500000,0x000000c3eb600000)]
  0x000002b98459d8e0 JavaThread "C2 CompilerThread1" daemon [_thread_blocked, id=9384, stack(0x000000c3eb600000,0x000000c3eb700000)]
  0x000002b98459b3b0 JavaThread "C2 CompilerThread2" daemon [_thread_blocked, id=17656, stack(0x000000c3eb700000,0x000000c3eb800000)]
  0x000002b9895bcbd0 JavaThread "Thread-1" daemon [_thread_blocked, id=23400, stack(0x000000c3ec100000,0x000000c3ec200000)]

Other Threads:
  0x000002b940187ef0 VMThread "VM Thread" [stack: 0x000000c3ea900000,0x000000c3eaa00000] [id=23240]
  0x000002b9841bc3d0 WatcherThread [stack: 0x000000c3eb400000,0x000000c3eb500000] [id=22048]
  0x000002b91610d180 GCTaskThread "GC Thread#0" [stack: 0x000000c3ea400000,0x000000c3ea500000] [id=23268]
  0x000002b984272d20 GCTaskThread "GC Thread#1" [stack: 0x000000c3eb800000,0x000000c3eb900000] [id=12096]
  0x000002b98481a940 GCTaskThread "GC Thread#2" [stack: 0x000000c3eb900000,0x000000c3eba00000] [id=22208]
  0x000002b9892c3950 GCTaskThread "GC Thread#3" [stack: 0x000000c3eba00000,0x000000c3ebb00000] [id=22656]
=>0x000002b9892c4220 GCTaskThread "GC Thread#4" [stack: 0x000000c3ebb00000,0x000000c3ebc00000] [id=4512]
  0x000002b9892c4cf0 GCTaskThread "GC Thread#5" [stack: 0x000000c3ebc00000,0x000000c3ebd00000] [id=5940]
  0x000002b9890edf30 GCTaskThread "GC Thread#6" [stack: 0x000000c3ebd00000,0x000000c3ebe00000] [id=16096]
  0x000002b9890ee600 GCTaskThread "GC Thread#7" [stack: 0x000000c3ebe00000,0x000000c3ebf00000] [id=22220]
  0x000002b9890ee8c0 GCTaskThread "GC Thread#8" [stack: 0x000000c3ebf00000,0x000000c3ec000000] [id=21652]
  0x000002b9890eeb80 GCTaskThread "GC Thread#9" [stack: 0x000000c3ec000000,0x000000c3ec100000] [id=22848]
  0x000002b93ffe01c0 ConcurrentGCThread "G1 Main Marker" [stack: 0x000000c3ea500000,0x000000c3ea600000] [id=19924]
  0x000002b93ffe0af0 ConcurrentGCThread "G1 Conc#0" [stack: 0x000000c3ea600000,0x000000c3ea700000] [id=12120]
  0x000002b9400c2230 ConcurrentGCThread "G1 Refine#0" [stack: 0x000000c3ea700000,0x000000c3ea800000] [id=21752]
  0x000002b9400c2b70 ConcurrentGCThread "G1 Service" [stack: 0x000000c3ea800000,0x000000c3ea900000] [id=9912]

Threads with active compile tasks:
C2 CompilerThread0  2715 4653   !   4       jdk.internal.loader.BuiltinClassLoader::loadClassOrNull (143 bytes)

VM state: at safepoint (normal execution)

VM Mutex/Monitor currently owned by a thread:  ([mutex/lock_event])
[0x000002b916059ea0] Threads_lock - owner thread: 0x000002b940187ef0
[0x000002b916059e10] Heap_lock - owner thread: 0x000002b91605fda0

Heap address: 0x0000000602400000, size: 8156 MB, Compressed Oops mode: Zero based, Oop shift amount: 3

CDS archive(s) mapped at: [0x000002b943000000-0x000002b943bb0000-0x000002b943bb0000), size 12255232, SharedBaseAddress: 0x000002b943000000, ArchiveRelocationMode: 1.
Compressed class space mapped at: 0x000002b944000000-0x000002b984000000, reserved size: 1073741824
Narrow klass base: 0x000002b943000000, Narrow klass shift: 0, Narrow klass range: 0x100000000

GC Precious Log:
 CPUs: 12 total, 12 available
 Memory: 32617M
 Large Page Support: Disabled
 NUMA Support: Disabled
 Compressed Oops: Enabled (Zero based)
 Heap Region Size: 4M
 Heap Min Capacity: 8M
 Heap Initial Capacity: 512M
 Heap Max Capacity: 8156M
 Pre-touch: Disabled
 Parallel Workers: 10
 Concurrent Workers: 3
 Concurrent Refinement Workers: 10
 Periodic GC: Disabled

Heap:
 garbage-first heap   total 524288K, used 89262K [0x0000000602400000, 0x0000000800000000)
  region size 4096K, 23 young (94208K), 3 survivors (12288K)
 Metaspace       used 21296K, committed 21504K, reserved 1114112K
  class space    used 2535K, committed 2624K, reserved 1048576K

Heap Regions: E=young(eden), S=young(survivor), O=old, HS=humongous(starts), HC=humongous(continues), CS=collection set, F=free, OA=open archive, CA=closed archive, TAMS=top-at-mark-start (previous, next)
|   0|0x0000000602400000, 0x0000000602772600, 0x0000000602800000| 86%| O|  |TAMS 0x0000000602400000, 0x0000000602772600| Untracked 
|   1|0x0000000602800000, 0x0000000602800000, 0x0000000602c00000|  0%| F|  |TAMS 0x0000000602800000, 0x0000000602800000| Untracked 
|   2|0x0000000602c00000, 0x0000000602c00000, 0x0000000603000000|  0%| F|  |TAMS 0x0000000602c00000, 0x0000000602c00000| Untracked 
|   3|0x0000000603000000, 0x0000000603000000, 0x0000000603400000|  0%| F|  |TAMS 0x0000000603000000, 0x0000000603000000| Untracked 
|   4|0x0000000603400000, 0x0000000603400000, 0x0000000603800000|  0%| F|  |TAMS 0x0000000603400000, 0x0000000603400000| Untracked 
|   5|0x0000000603800000, 0x0000000603800000, 0x0000000603c00000|  0%| F|  |TAMS 0x0000000603800000, 0x0000000603800000| Untracked 
|   6|0x0000000603c00000, 0x0000000603c00000, 0x0000000604000000|  0%| F|  |TAMS 0x0000000603c00000, 0x0000000603c00000| Untracked 
|   7|0x0000000604000000, 0x0000000604000000, 0x0000000604400000|  0%| F|  |TAMS 0x0000000604000000, 0x0000000604000000| Untracked 
|   8|0x0000000604400000, 0x0000000604400000, 0x0000000604800000|  0%| F|  |TAMS 0x0000000604400000, 0x0000000604400000| Untracked 
|   9|0x0000000604800000, 0x0000000604800000, 0x0000000604c00000|  0%| F|  |TAMS 0x0000000604800000, 0x0000000604800000| Untracked 
|  10|0x0000000604c00000, 0x0000000604c00000, 0x0000000605000000|  0%| F|  |TAMS 0x0000000604c00000, 0x0000000604c00000| Untracked 
|  11|0x0000000605000000, 0x0000000605000000, 0x0000000605400000|  0%| F|  |TAMS 0x0000000605000000, 0x0000000605000000| Untracked 
|  12|0x0000000605400000, 0x0000000605400000, 0x0000000605800000|  0%| F|  |TAMS 0x0000000605400000, 0x0000000605400000| Untracked 
|  13|0x0000000605800000, 0x0000000605800000, 0x0000000605c00000|  0%| F|  |TAMS 0x0000000605800000, 0x0000000605800000| Untracked 
|  14|0x0000000605c00000, 0x0000000605c00000, 0x0000000606000000|  0%| F|  |TAMS 0x0000000605c00000, 0x0000000605c00000| Untracked 
|  15|0x0000000606000000, 0x0000000606000000, 0x0000000606400000|  0%| F|  |TAMS 0x0000000606000000, 0x0000000606000000| Untracked 
|  16|0x0000000606400000, 0x0000000606400000, 0x0000000606800000|  0%| F|  |TAMS 0x0000000606400000, 0x0000000606400000| Untracked 
|  17|0x0000000606800000, 0x0000000606800000, 0x0000000606c00000|  0%| F|  |TAMS 0x0000000606800000, 0x0000000606800000| Untracked 
|  18|0x0000000606c00000, 0x0000000606c00000, 0x0000000607000000|  0%| F|  |TAMS 0x0000000606c00000, 0x0000000606c00000| Untracked 
|  19|0x0000000607000000, 0x0000000607000000, 0x0000000607400000|  0%| F|  |TAMS 0x0000000607000000, 0x0000000607000000| Untracked 
|  20|0x0000000607400000, 0x0000000607400000, 0x0000000607800000|  0%| F|  |TAMS 0x0000000607400000, 0x0000000607400000| Untracked 
|  21|0x0000000607800000, 0x0000000607800000, 0x0000000607c00000|  0%| F|  |TAMS 0x0000000607800000, 0x0000000607800000| Untracked 
|  22|0x0000000607c00000, 0x0000000607c00000, 0x0000000608000000|  0%| F|  |TAMS 0x0000000607c00000, 0x0000000607c00000| Untracked 
|  23|0x0000000608000000, 0x0000000608000000, 0x0000000608400000|  0%| F|  |TAMS 0x0000000608000000, 0x0000000608000000| Untracked 
|  24|0x0000000608400000, 0x0000000608400000, 0x0000000608800000|  0%| F|  |TAMS 0x0000000608400000, 0x0000000608400000| Untracked 
|  25|0x0000000608800000, 0x0000000608800000, 0x0000000608c00000|  0%| F|  |TAMS 0x0000000608800000, 0x0000000608800000| Untracked 
|  26|0x0000000608c00000, 0x0000000608c00000, 0x0000000609000000|  0%| F|  |TAMS 0x0000000608c00000, 0x0000000608c00000| Untracked 
|  27|0x0000000609000000, 0x0000000609000000, 0x0000000609400000|  0%| F|  |TAMS 0x0000000609000000, 0x0000000609000000| Untracked 
|  28|0x0000000609400000, 0x0000000609400000, 0x0000000609800000|  0%| F|  |TAMS 0x0000000609400000, 0x0000000609400000| Untracked 
|  29|0x0000000609800000, 0x0000000609800000, 0x0000000609c00000|  0%| F|  |TAMS 0x0000000609800000, 0x0000000609800000| Untracked 
|  30|0x0000000609c00000, 0x0000000609c00000, 0x000000060a000000|  0%| F|  |TAMS 0x0000000609c00000, 0x0000000609c00000| Untracked 
|  31|0x000000060a000000, 0x000000060a000000, 0x000000060a400000|  0%| F|  |TAMS 0x000000060a000000, 0x000000060a000000| Untracked 
|  32|0x000000060a400000, 0x000000060a400000, 0x000000060a800000|  0%| F|  |TAMS 0x000000060a400000, 0x000000060a400000| Untracked 
|  33|0x000000060a800000, 0x000000060a800000, 0x000000060ac00000|  0%| F|  |TAMS 0x000000060a800000, 0x000000060a800000| Untracked 
|  34|0x000000060ac00000, 0x000000060ac00000, 0x000000060b000000|  0%| F|  |TAMS 0x000000060ac00000, 0x000000060ac00000| Untracked 
|  35|0x000000060b000000, 0x000000060b000000, 0x000000060b400000|  0%| F|  |TAMS 0x000000060b000000, 0x000000060b000000| Untracked 
|  36|0x000000060b400000, 0x000000060b400000, 0x000000060b800000|  0%| F|  |TAMS 0x000000060b400000, 0x000000060b400000| Untracked 
|  37|0x000000060b800000, 0x000000060b800000, 0x000000060bc00000|  0%| F|  |TAMS 0x000000060b800000, 0x000000060b800000| Untracked 
|  38|0x000000060bc00000, 0x000000060bc00000, 0x000000060c000000|  0%| F|  |TAMS 0x000000060bc00000, 0x000000060bc00000| Untracked 
|  39|0x000000060c000000, 0x000000060c000000, 0x000000060c400000|  0%| F|  |TAMS 0x000000060c000000, 0x000000060c000000| Untracked 
|  40|0x000000060c400000, 0x000000060c400000, 0x000000060c800000|  0%| F|  |TAMS 0x000000060c400000, 0x000000060c400000| Untracked 
|  41|0x000000060c800000, 0x000000060c800000, 0x000000060cc00000|  0%| F|  |TAMS 0x000000060c800000, 0x000000060c800000| Untracked 
|  42|0x000000060cc00000, 0x000000060cc00000, 0x000000060d000000|  0%| F|  |TAMS 0x000000060cc00000, 0x000000060cc00000| Untracked 
|  43|0x000000060d000000, 0x000000060d000000, 0x000000060d400000|  0%| F|  |TAMS 0x000000060d000000, 0x000000060d000000| Untracked 
|  44|0x000000060d400000, 0x000000060d400000, 0x000000060d800000|  0%| F|  |TAMS 0x000000060d400000, 0x000000060d400000| Untracked 
|  45|0x000000060d800000, 0x000000060d800000, 0x000000060dc00000|  0%| F|  |TAMS 0x000000060d800000, 0x000000060d800000| Untracked 
|  46|0x000000060dc00000, 0x000000060dc00000, 0x000000060e000000|  0%| F|  |TAMS 0x000000060dc00000, 0x000000060dc00000| Untracked 
|  47|0x000000060e000000, 0x000000060e000000, 0x000000060e400000|  0%| F|  |TAMS 0x000000060e000000, 0x000000060e000000| Untracked 
|  48|0x000000060e400000, 0x000000060e400000, 0x000000060e800000|  0%| F|  |TAMS 0x000000060e400000, 0x000000060e400000| Untracked 
|  49|0x000000060e800000, 0x000000060e800000, 0x000000060ec00000|  0%| F|  |TAMS 0x000000060e800000, 0x000000060e800000| Untracked 
|  50|0x000000060ec00000, 0x000000060ec00000, 0x000000060f000000|  0%| F|  |TAMS 0x000000060ec00000, 0x000000060ec00000| Untracked 
|  51|0x000000060f000000, 0x000000060f000000, 0x000000060f400000|  0%| F|  |TAMS 0x000000060f000000, 0x000000060f000000| Untracked 
|  52|0x000000060f400000, 0x000000060f400000, 0x000000060f800000|  0%| F|  |TAMS 0x000000060f400000, 0x000000060f400000| Untracked 
|  53|0x000000060f800000, 0x000000060f800000, 0x000000060fc00000|  0%| F|  |TAMS 0x000000060f800000, 0x000000060f800000| Untracked 
|  54|0x000000060fc00000, 0x000000060fc00000, 0x0000000610000000|  0%| F|  |TAMS 0x000000060fc00000, 0x000000060fc00000| Untracked 
|  55|0x0000000610000000, 0x0000000610000000, 0x0000000610400000|  0%| F|  |TAMS 0x0000000610000000, 0x0000000610000000| Untracked 
|  56|0x0000000610400000, 0x0000000610400000, 0x0000000610800000|  0%| F|  |TAMS 0x0000000610400000, 0x0000000610400000| Untracked 
|  57|0x0000000610800000, 0x0000000610800000, 0x0000000610c00000|  0%| F|  |TAMS 0x0000000610800000, 0x0000000610800000| Untracked 
|  58|0x0000000610c00000, 0x0000000610c00000, 0x0000000611000000|  0%| F|  |TAMS 0x0000000610c00000, 0x0000000610c00000| Untracked 
|  59|0x0000000611000000, 0x0000000611000000, 0x0000000611400000|  0%| F|  |TAMS 0x0000000611000000, 0x0000000611000000| Untracked 
|  60|0x0000000611400000, 0x0000000611400000, 0x0000000611800000|  0%| F|  |TAMS 0x0000000611400000, 0x0000000611400000| Untracked 
|  61|0x0000000611800000, 0x0000000611800000, 0x0000000611c00000|  0%| F|  |TAMS 0x0000000611800000, 0x0000000611800000| Untracked 
|  62|0x0000000611c00000, 0x0000000611c00000, 0x0000000612000000|  0%| F|  |TAMS 0x0000000611c00000, 0x0000000611c00000| Untracked 
|  63|0x0000000612000000, 0x0000000612000000, 0x0000000612400000|  0%| F|  |TAMS 0x0000000612000000, 0x0000000612000000| Untracked 
|  64|0x0000000612400000, 0x0000000612400000, 0x0000000612800000|  0%| F|  |TAMS 0x0000000612400000, 0x0000000612400000| Untracked 
|  65|0x0000000612800000, 0x0000000612800000, 0x0000000612c00000|  0%| F|  |TAMS 0x0000000612800000, 0x0000000612800000| Untracked 
|  66|0x0000000612c00000, 0x0000000612c00000, 0x0000000613000000|  0%| F|  |TAMS 0x0000000612c00000, 0x0000000612c00000| Untracked 
|  67|0x0000000613000000, 0x0000000613000000, 0x0000000613400000|  0%| F|  |TAMS 0x0000000613000000, 0x0000000613000000| Untracked 
|  68|0x0000000613400000, 0x0000000613400000, 0x0000000613800000|  0%| F|  |TAMS 0x0000000613400000, 0x0000000613400000| Untracked 
|  69|0x0000000613800000, 0x0000000613800000, 0x0000000613c00000|  0%| F|  |TAMS 0x0000000613800000, 0x0000000613800000| Untracked 
|  70|0x0000000613c00000, 0x0000000613c00000, 0x0000000614000000|  0%| F|  |TAMS 0x0000000613c00000, 0x0000000613c00000| Untracked 
|  71|0x0000000614000000, 0x0000000614000000, 0x0000000614400000|  0%| F|  |TAMS 0x0000000614000000, 0x0000000614000000| Untracked 
|  72|0x0000000614400000, 0x0000000614400000, 0x0000000614800000|  0%| F|  |TAMS 0x0000000614400000, 0x0000000614400000| Untracked 
|  73|0x0000000614800000, 0x0000000614800000, 0x0000000614c00000|  0%| F|  |TAMS 0x0000000614800000, 0x0000000614800000| Untracked 
|  74|0x0000000614c00000, 0x0000000614c00000, 0x0000000615000000|  0%| F|  |TAMS 0x0000000614c00000, 0x0000000614c00000| Untracked 
|  75|0x0000000615000000, 0x0000000615000000, 0x0000000615400000|  0%| F|  |TAMS 0x0000000615000000, 0x0000000615000000| Untracked 
|  76|0x0000000615400000, 0x0000000615400000, 0x0000000615800000|  0%| F|  |TAMS 0x0000000615400000, 0x0000000615400000| Untracked 
|  77|0x0000000615800000, 0x0000000615800000, 0x0000000615c00000|  0%| F|  |TAMS 0x0000000615800000, 0x0000000615800000| Untracked 
|  78|0x0000000615c00000, 0x0000000615c00000, 0x0000000616000000|  0%| F|  |TAMS 0x0000000615c00000, 0x0000000615c00000| Untracked 
|  79|0x0000000616000000, 0x0000000616000000, 0x0000000616400000|  0%| F|  |TAMS 0x0000000616000000, 0x0000000616000000| Untracked 
|  80|0x0000000616400000, 0x0000000616400000, 0x0000000616800000|  0%| F|  |TAMS 0x0000000616400000, 0x0000000616400000| Untracked 
|  81|0x0000000616800000, 0x0000000616800000, 0x0000000616c00000|  0%| F|  |TAMS 0x0000000616800000, 0x0000000616800000| Untracked 
|  82|0x0000000616c00000, 0x0000000616c00000, 0x0000000617000000|  0%| F|  |TAMS 0x0000000616c00000, 0x0000000616c00000| Untracked 
|  83|0x0000000617000000, 0x0000000617000000, 0x0000000617400000|  0%| F|  |TAMS 0x0000000617000000, 0x0000000617000000| Untracked 
|  84|0x0000000617400000, 0x0000000617400000, 0x0000000617800000|  0%| F|  |TAMS 0x0000000617400000, 0x0000000617400000| Untracked 
|  85|0x0000000617800000, 0x0000000617800000, 0x0000000617c00000|  0%| F|  |TAMS 0x0000000617800000, 0x0000000617800000| Untracked 
|  86|0x0000000617c00000, 0x0000000617c00000, 0x0000000618000000|  0%| F|  |TAMS 0x0000000617c00000, 0x0000000617c00000| Untracked 
|  87|0x0000000618000000, 0x0000000618000000, 0x0000000618400000|  0%| F|  |TAMS 0x0000000618000000, 0x0000000618000000| Untracked 
|  88|0x0000000618400000, 0x0000000618400000, 0x0000000618800000|  0%| F|  |TAMS 0x0000000618400000, 0x0000000618400000| Untracked 
|  89|0x0000000618800000, 0x0000000618800000, 0x0000000618c00000|  0%| F|  |TAMS 0x0000000618800000, 0x0000000618800000| Untracked 
|  90|0x0000000618c00000, 0x0000000618c00000, 0x0000000619000000|  0%| F|  |TAMS 0x0000000618c00000, 0x0000000618c00000| Untracked 
|  91|0x0000000619000000, 0x0000000619000000, 0x0000000619400000|  0%| F|  |TAMS 0x0000000619000000, 0x0000000619000000| Untracked 
|  92|0x0000000619400000, 0x0000000619400000, 0x0000000619800000|  0%| F|  |TAMS 0x0000000619400000, 0x0000000619400000| Untracked 
|  93|0x0000000619800000, 0x0000000619800000, 0x0000000619c00000|  0%| F|  |TAMS 0x0000000619800000, 0x0000000619800000| Untracked 
|  94|0x0000000619c00000, 0x0000000619c00000, 0x000000061a000000|  0%| F|  |TAMS 0x0000000619c00000, 0x0000000619c00000| Untracked 
|  95|0x000000061a000000, 0x000000061a000000, 0x000000061a400000|  0%| F|  |TAMS 0x000000061a000000, 0x000000061a000000| Untracked 
|  96|0x000000061a400000, 0x000000061a400000, 0x000000061a800000|  0%| F|  |TAMS 0x000000061a400000, 0x000000061a400000| Untracked 
|  97|0x000000061a800000, 0x000000061a800000, 0x000000061ac00000|  0%| F|  |TAMS 0x000000061a800000, 0x000000061a800000| Untracked 
|  98|0x000000061ac00000, 0x000000061ac00000, 0x000000061b000000|  0%| F|  |TAMS 0x000000061ac00000, 0x000000061ac00000| Untracked 
|  99|0x000000061b000000, 0x000000061b000000, 0x000000061b400000|  0%| F|  |TAMS 0x000000061b000000, 0x000000061b000000| Untracked 
| 100|0x000000061b400000, 0x000000061b400000, 0x000000061b800000|  0%| F|  |TAMS 0x000000061b400000, 0x000000061b400000| Untracked 
| 101|0x000000061b800000, 0x000000061b800000, 0x000000061bc00000|  0%| F|  |TAMS 0x000000061b800000, 0x000000061b800000| Untracked 
| 102|0x000000061bc00000, 0x000000061bc00000, 0x000000061c000000|  0%| F|  |TAMS 0x000000061bc00000, 0x000000061bc00000| Untracked 
| 103|0x000000061c000000, 0x000000061c0fa140, 0x000000061c400000| 24%| S|  |TAMS 0x000000061c000000, 0x000000061c000000| Complete 
| 104|0x000000061c400000, 0x000000061c800000, 0x000000061c800000|100%| S|  |TAMS 0x000000061c400000, 0x000000061c400000| Complete 
| 105|0x000000061c800000, 0x000000061cc00000, 0x000000061cc00000|100%| S|  |TAMS 0x000000061c800000, 0x000000061c800000| Complete 
| 106|0x000000061cc00000, 0x000000061ce00000, 0x000000061d000000| 50%| E|CS|TAMS 0x000000061cc00000, 0x000000061ce00000| Complete 
| 107|0x000000061d000000, 0x000000061d400000, 0x000000061d400000|100%| E|CS|TAMS 0x000000061d000000, 0x000000061d400000| Complete 
| 108|0x000000061d400000, 0x000000061d800000, 0x000000061d800000|100%| E|CS|TAMS 0x000000061d400000, 0x000000061d800000| Complete 
| 109|0x000000061d800000, 0x000000061dc00000, 0x000000061dc00000|100%| E|CS|TAMS 0x000000061d800000, 0x000000061dc00000| Complete 
| 110|0x000000061dc00000, 0x000000061ddb9420, 0x000000061e000000| 43%| E|CS|TAMS 0x000000061dc00000, 0x000000061ddb9420| Complete 
| 111|0x000000061e000000, 0x000000061e400000, 0x000000061e400000|100%| E|CS|TAMS 0x000000061e000000, 0x000000061e400000| Complete 
| 112|0x000000061e400000, 0x000000061e800000, 0x000000061e800000|100%| E|CS|TAMS 0x000000061e400000, 0x000000061e800000| Complete 
| 113|0x000000061e800000, 0x000000061ec00000, 0x000000061ec00000|100%| E|CS|TAMS 0x000000061e800000, 0x000000061ec00000| Complete 
| 114|0x000000061ec00000, 0x000000061f000000, 0x000000061f000000|100%| E|CS|TAMS 0x000000061ec00000, 0x000000061f000000| Complete 
| 115|0x000000061f000000, 0x000000061f400000, 0x000000061f400000|100%| E|CS|TAMS 0x000000061f000000, 0x000000061f400000| Complete 
| 116|0x000000061f400000, 0x000000061f800000, 0x000000061f800000|100%| E|CS|TAMS 0x000000061f400000, 0x000000061f800000| Complete 
| 117|0x000000061f800000, 0x000000061fc00000, 0x000000061fc00000|100%| E|CS|TAMS 0x000000061f800000, 0x000000061fc00000| Complete 
| 118|0x000000061fc00000, 0x0000000620000000, 0x0000000620000000|100%| E|CS|TAMS 0x000000061fc00000, 0x0000000620000000| Complete 
| 119|0x0000000620000000, 0x0000000620400000, 0x0000000620400000|100%| E|CS|TAMS 0x0000000620000000, 0x0000000620400000| Complete 
| 120|0x0000000620400000, 0x0000000620800000, 0x0000000620800000|100%| E|CS|TAMS 0x0000000620400000, 0x0000000620800000| Complete 
| 121|0x0000000620800000, 0x0000000620c00000, 0x0000000620c00000|100%| E|CS|TAMS 0x0000000620800000, 0x0000000620c00000| Complete 
| 122|0x0000000620c00000, 0x0000000621000000, 0x0000000621000000|100%| E|CS|TAMS 0x0000000620c00000, 0x0000000621000000| Complete 
| 123|0x0000000621000000, 0x0000000621400000, 0x0000000621400000|100%| E|CS|TAMS 0x0000000621000000, 0x0000000621400000| Complete 
| 124|0x0000000621400000, 0x0000000621800000, 0x0000000621800000|100%| E|CS|TAMS 0x0000000621400000, 0x0000000621800000| Complete 
| 125|0x0000000621800000, 0x0000000621c00000, 0x0000000621c00000|100%| E|CS|TAMS 0x0000000621800000, 0x0000000621c00000| Complete 
| 126|0x0000000621c00000, 0x0000000622000000, 0x0000000622000000|100%| E|CS|TAMS 0x0000000621c00000, 0x0000000622000000| Complete 
| 127|0x0000000622000000, 0x0000000622400000, 0x0000000622400000|100%| E|CS|TAMS 0x0000000622000000, 0x0000000622400000| Complete 

Card table byte_map: [0x000002b92e110000,0x000002b92f100000] _byte_map_base: 0x000002b92b0fe000

Marking Bits (Prev, Next): (CMBitMap*) 0x000002b91610d6b0, (CMBitMap*) 0x000002b91610d6f0
 Prev Bits: [0x000002b9300f0000, 0x000002b938060000)
 Next Bits: [0x000002b938060000, 0x000002b93ffd0000)

Polling page: 0x000002b915810000

Metaspace:

Usage:
  Non-class:     18.32 MB used.
      Class:      2.48 MB used.
       Both:     20.80 MB used.

Virtual space:
  Non-class space:       64.00 MB reserved,      18.44 MB ( 29%) committed,  1 nodes.
      Class space:        1.00 GB reserved,       2.56 MB ( <1%) committed,  1 nodes.
             Both:        1.06 GB reserved,      21.00 MB (  2%) committed. 

Chunk freelists:
   Non-Class:  13.12 MB
       Class:  13.31 MB
        Both:  26.44 MB

MaxMetaspaceSize: unlimited
CompressedClassSpaceSize: 1.00 GB
Initial GC threshold: 21.00 MB
Current GC threshold: 21.00 MB
CDS: on
MetaspaceReclaimPolicy: balanced
 - commit_granule_bytes: 65536.
 - commit_granule_words: 8192.
 - virtual_space_node_default_size: 8388608.
 - enlarge_chunks_in_place: 1.
 - new_chunks_are_fully_committed: 0.
 - uncommit_free_chunks: 1.
 - use_allocation_guard: 0.
 - handle_deallocations: 1.


Internal statistics:

num_allocs_failed_limit: 3.
num_arena_births: 164.
num_arena_deaths: 0.
num_vsnodes_births: 2.
num_vsnodes_deaths: 0.
num_space_committed: 336.
num_space_uncommitted: 0.
num_chunks_returned_to_freelist: 3.
num_chunks_taken_from_freelist: 924.
num_chunk_merges: 3.
num_chunk_splits: 642.
num_chunks_enlarged: 496.
num_inconsistent_stats: 0.

CodeHeap 'non-profiled nmethods': size=120000Kb used=2687Kb max_used=2687Kb free=117312Kb
 bounds [0x000002b9256a0000, 0x000002b925940000, 0x000002b92cbd0000]
CodeHeap 'profiled nmethods': size=120000Kb used=9796Kb max_used=9796Kb free=110203Kb
 bounds [0x000002b91dbd0000, 0x000002b91e570000, 0x000002b925100000]
CodeHeap 'non-nmethods': size=5760Kb used=1196Kb max_used=1305Kb free=4563Kb
 bounds [0x000002b925100000, 0x000002b925370000, 0x000002b9256a0000]
 total_blobs=5155 nmethods=4662 adapters=405
 compilation: enabled
              stopped_count=0, restarted_count=0
 full_count=0

Compilation events (20 events):
Event: 2.674 Thread 0x000002b984089fc0 4654       3       java.nio.DirectByteBufferR::slice (5 bytes)
Event: 2.674 Thread 0x000002b984089fc0 nmethod 4654 0x000002b91e559b10 code [0x000002b91e559cc0, 0x000002b91e559e08]
Event: 2.674 Thread 0x000002b984089fc0 4655       3       java.nio.DirectByteBufferR::slice (74 bytes)
Event: 2.674 Thread 0x000002b984089fc0 nmethod 4655 0x000002b91e559e90 code [0x000002b91e55a040, 0x000002b91e55a308]
Event: 2.674 Thread 0x000002b984089fc0 4656       3       java.nio.MappedByteBuffer::<init> (24 bytes)
Event: 2.674 Thread 0x000002b984089fc0 nmethod 4656 0x000002b91e55a410 code [0x000002b91e55a5c0, 0x000002b91e55a788]
Event: 2.676 Thread 0x000002b984089fc0 4657   !   3       jdk.internal.jimage.BasicImageReader::readBuffer (238 bytes)
Event: 2.677 Thread 0x000002b984089fc0 nmethod 4657 0x000002b91e55a890 code [0x000002b91e55ab80, 0x000002b91e55b8b8]
Event: 2.680 Thread 0x000002b984089fc0 4658       3       java.lang.invoke.Invokers$Holder::invokeExact_MT (32 bytes)
Event: 2.680 Thread 0x000002b984089fc0 nmethod 4658 0x000002b91e55be10 code [0x000002b91e55c020, 0x000002b91e55c978]
Event: 2.680 Thread 0x000002b984089fc0 4660       3       jdk.internal.org.objectweb.asm.MethodVisitor::visitVarInsn (17 bytes)
Event: 2.680 Thread 0x000002b984089fc0 nmethod 4660 0x000002b91e55cc10 code [0x000002b91e55cdc0, 0x000002b91e55cfc8]
Event: 2.680 Thread 0x000002b984089fc0 4659       3       java.lang.invoke.LambdaMetafactory::metafactory (71 bytes)
Event: 2.680 Thread 0x000002b984089fc0 nmethod 4659 0x000002b91e55d090 code [0x000002b91e55d320, 0x000002b91e55de48]
Event: 2.682 Thread 0x000002b984089fc0 4661       3       sun.invoke.util.VerifyAccess::isTypeVisible (47 bytes)
Event: 2.682 Thread 0x000002b984089fc0 nmethod 4661 0x000002b91e55e390 code [0x000002b91e55e580, 0x000002b91e55e998]
Event: 2.682 Thread 0x000002b984089fc0 4662       3       java.lang.invoke.MethodHandles$Lookup::getDirectMethodCommon (280 bytes)
Event: 2.683 Thread 0x000002b984089fc0 nmethod 4662 0x000002b91e55eb90 code [0x000002b91e55eec0, 0x000002b91e55fef8]
Event: 2.683 Thread 0x000002b984089fc0 4663       3       java.lang.invoke.MethodHandles$Lookup::checkMethod (87 bytes)
Event: 2.683 Thread 0x000002b984089fc0 nmethod 4663 0x000002b91e560490 code [0x000002b91e5606c0, 0x000002b91e560e18]

GC Heap History (7 events):
Event: 0.430 GC heap before
{Heap before GC invocations=0 (full 0):
 garbage-first heap   total 524288K, used 24576K [0x0000000602400000, 0x0000000800000000)
  region size 4096K, 6 young (24576K), 0 survivors (0K)
 Metaspace       used 5431K, committed 5632K, reserved 1114112K
  class space    used 657K, committed 768K, reserved 1048576K
}
Event: 0.433 GC heap after
{Heap after GC invocations=1 (full 0):
 garbage-first heap   total 524288K, used 3799K [0x0000000602400000, 0x0000000800000000)
  region size 4096K, 1 young (4096K), 1 survivors (4096K)
 Metaspace       used 5431K, committed 5632K, reserved 1114112K
  class space    used 657K, committed 768K, reserved 1048576K
}
Event: 0.692 GC heap before
{Heap before GC invocations=1 (full 0):
 garbage-first heap   total 524288K, used 24279K [0x0000000602400000, 0x0000000800000000)
  region size 4096K, 7 young (28672K), 1 survivors (4096K)
 Metaspace       used 8416K, committed 8576K, reserved 1114112K
  class space    used 1003K, committed 1088K, reserved 1048576K
}
Event: 0.695 GC heap after
{Heap after GC invocations=2 (full 0):
 garbage-first heap   total 524288K, used 4936K [0x0000000602400000, 0x0000000800000000)
  region size 4096K, 1 young (4096K), 1 survivors (4096K)
 Metaspace       used 8416K, committed 8576K, reserved 1114112K
  class space    used 1003K, committed 1088K, reserved 1048576K
}
Event: 1.589 GC heap before
{Heap before GC invocations=2 (full 0):
 garbage-first heap   total 524288K, used 66376K [0x0000000602400000, 0x0000000800000000)
  region size 4096K, 16 young (65536K), 1 survivors (4096K)
 Metaspace       used 15366K, committed 15552K, reserved 1114112K
  class space    used 1852K, committed 1920K, reserved 1048576K
}
Event: 1.593 GC heap after
{Heap after GC invocations=3 (full 0):
 garbage-first heap   total 524288K, used 9390K [0x0000000602400000, 0x0000000800000000)
  region size 4096K, 2 young (8192K), 2 survivors (8192K)
 Metaspace       used 15366K, committed 15552K, reserved 1114112K
  class space    used 1852K, committed 1920K, reserved 1048576K
}
Event: 2.683 GC heap before
{Heap before GC invocations=3 (full 0):
 garbage-first heap   total 524288K, used 87214K [0x0000000602400000, 0x0000000800000000)
  region size 4096K, 22 young (90112K), 2 survivors (8192K)
 Metaspace       used 21296K, committed 21504K, reserved 1114112K
  class space    used 2535K, committed 2624K, reserved 1048576K
}

Dll operation events (8 events):
Event: 0.005 Loaded shared library C:\Program Files\Amazon Corretto\jdk17.0.17_10\bin\java.dll
Event: 0.019 Loaded shared library C:\Program Files\Amazon Corretto\jdk17.0.17_10\bin\jsvml.dll
Event: 0.041 Loaded shared library C:\Program Files\Amazon Corretto\jdk17.0.17_10\bin\net.dll
Event: 0.042 Loaded shared library C:\Program Files\Amazon Corretto\jdk17.0.17_10\bin\nio.dll
Event: 0.044 Loaded shared library C:\Program Files\Amazon Corretto\jdk17.0.17_10\bin\zip.dll
Event: 0.128 Loaded shared library C:\Program Files\Apache\Maven\apache-maven-3.9.11\lib\jansi-native\Windows\x86_64\jansi.dll
Event: 0.128 Loaded shared library C:\Program Files\Amazon Corretto\jdk17.0.17_10\bin\jimage.dll
Event: 0.139 Loaded shared library C:\Program Files\Amazon Corretto\jdk17.0.17_10\bin\verify.dll

Deoptimization events (20 events):
Event: 2.542 Thread 0x000002b91605fda0 DEOPT PACKING pc=0x000002b9256f103c sp=0x000000c3ea3fc840
Event: 2.542 Thread 0x000002b91605fda0 DEOPT UNPACKING pc=0x000002b9251569a3 sp=0x000000c3ea3fc7d0 mode 2
Event: 2.553 Thread 0x000002b91605fda0 DEOPT PACKING pc=0x000002b91e517506 sp=0x000000c3ea3fc840
Event: 2.553 Thread 0x000002b91605fda0 DEOPT UNPACKING pc=0x000002b925157143 sp=0x000000c3ea3fbcd0 mode 0
Event: 2.555 Thread 0x000002b91605fda0 DEOPT PACKING pc=0x000002b91e517506 sp=0x000000c3ea3fc840
Event: 2.555 Thread 0x000002b91605fda0 DEOPT UNPACKING pc=0x000002b925157143 sp=0x000000c3ea3fbcd0 mode 0
Event: 2.556 Thread 0x000002b91605fda0 DEOPT PACKING pc=0x000002b91e517506 sp=0x000000c3ea3fc840
Event: 2.556 Thread 0x000002b91605fda0 DEOPT UNPACKING pc=0x000002b925157143 sp=0x000000c3ea3fbcd0 mode 0
Event: 2.558 Thread 0x000002b91605fda0 DEOPT PACKING pc=0x000002b91e517506 sp=0x000000c3ea3fc840
Event: 2.558 Thread 0x000002b91605fda0 DEOPT UNPACKING pc=0x000002b925157143 sp=0x000000c3ea3fbcd0 mode 0
Event: 2.558 Thread 0x000002b91605fda0 DEOPT PACKING pc=0x000002b91e517506 sp=0x000000c3ea3fc840
Event: 2.558 Thread 0x000002b91605fda0 DEOPT UNPACKING pc=0x000002b925157143 sp=0x000000c3ea3fbcd0 mode 0
Event: 2.561 Thread 0x000002b91605fda0 DEOPT PACKING pc=0x000002b91e517506 sp=0x000000c3ea3fc840
Event: 2.561 Thread 0x000002b91605fda0 DEOPT UNPACKING pc=0x000002b925157143 sp=0x000000c3ea3fbcd0 mode 0
Event: 2.565 Thread 0x000002b91605fda0 DEOPT PACKING pc=0x000002b91e517506 sp=0x000000c3ea3fc840
Event: 2.565 Thread 0x000002b91605fda0 DEOPT UNPACKING pc=0x000002b925157143 sp=0x000000c3ea3fbcd0 mode 0
Event: 2.629 Thread 0x000002b91605fda0 Uncommon trap: trap_request=0xffffff45 fr.pc=0x000002b92590aaf8 relative=0x00000000000014f8
Event: 2.629 Thread 0x000002b91605fda0 Uncommon trap: reason=unstable_if action=reinterpret pc=0x000002b92590aaf8 method=sun.nio.fs.WindowsPathParser.isSlash(C)Z @ 9 c2
Event: 2.629 Thread 0x000002b91605fda0 DEOPT PACKING pc=0x000002b92590aaf8 sp=0x000000c3ea3fcea0
Event: 2.629 Thread 0x000002b91605fda0 DEOPT UNPACKING pc=0x000002b9251569a3 sp=0x000000c3ea3fce40 mode 2

Classes loaded (20 events):
Event: 2.531 Loading class java/nio/channels/AsynchronousFileChannel
Event: 2.531 Loading class java/nio/channels/AsynchronousChannel
Event: 2.531 Loading class java/nio/channels/AsynchronousChannel done
Event: 2.531 Loading class java/nio/channels/AsynchronousFileChannel done
Event: 2.531 Loading class jdk/internal/jrtfs/JrtFileSystemProvider
Event: 2.531 Loading class jdk/internal/jrtfs/JrtFileSystemProvider done
Event: 2.532 Loading class sun/net/www/protocol/jrt/JavaRuntimeURLConnection
Event: 2.532 Loading class sun/net/www/protocol/jrt/JavaRuntimeURLConnection done
Event: 2.532 Loading class sun/net/www/protocol/jrt/JavaRuntimeURLConnection$1
Event: 2.532 Loading class sun/net/www/protocol/jrt/JavaRuntimeURLConnection$1 done
Event: 2.532 Loading class jdk/internal/jimage/ImageBufferCache
Event: 2.532 Loading class jdk/internal/jimage/ImageBufferCache done
Event: 2.532 Loading class jdk/internal/jimage/ImageBufferCache$1
Event: 2.532 Loading class jdk/internal/jimage/ImageBufferCache$1 done
Event: 2.532 Loading class jdk/internal/jimage/ImageBufferCache$2
Event: 2.532 Loading class jdk/internal/jimage/ImageBufferCache$2 done
Event: 2.532 Loading class java/util/AbstractMap$SimpleEntry
Event: 2.532 Loading class java/util/AbstractMap$SimpleEntry done
Event: 2.659 Loading class java/nio/file/ClosedFileSystemException
Event: 2.659 Loading class java/nio/file/ClosedFileSystemException done

Classes unloaded (0 events):
No events

Classes redefined (0 events):
No events

Internal exceptions (20 events):
Event: 2.431 Thread 0x000002b91605fda0 Exception <a 'sun/nio/fs/WindowsException'{0x000000061d873360}> (0x000000061d873360) 
thrown [s\src\hotspot\share\prims\jni.cpp, line 516]
Event: 2.433 Thread 0x000002b91605fda0 Exception <a 'sun/nio/fs/WindowsException'{0x000000061d874bc8}> (0x000000061d874bc8) 
thrown [s\src\hotspot\share\prims\jni.cpp, line 516]
Event: 2.434 Thread 0x000002b91605fda0 Exception <a 'sun/nio/fs/WindowsException'{0x000000061d8763c0}> (0x000000061d8763c0) 
thrown [s\src\hotspot\share\prims\jni.cpp, line 516]
Event: 2.435 Thread 0x000002b91605fda0 Exception <a 'sun/nio/fs/WindowsException'{0x000000061d877c08}> (0x000000061d877c08) 
thrown [s\src\hotspot\share\prims\jni.cpp, line 516]
Event: 2.436 Thread 0x000002b91605fda0 Exception <a 'sun/nio/fs/WindowsException'{0x000000061d879470}> (0x000000061d879470) 
thrown [s\src\hotspot\share\prims\jni.cpp, line 516]
Event: 2.437 Thread 0x000002b91605fda0 Exception <a 'sun/nio/fs/WindowsException'{0x000000061d87ace0}> (0x000000061d87ace0) 
thrown [s\src\hotspot\share\prims\jni.cpp, line 516]
Event: 2.439 Thread 0x000002b91605fda0 Exception <a 'sun/nio/fs/WindowsException'{0x000000061d87c5e0}> (0x000000061d87c5e0) 
thrown [s\src\hotspot\share\prims\jni.cpp, line 516]
Event: 2.441 Thread 0x000002b91605fda0 Exception <a 'sun/nio/fs/WindowsException'{0x000000061d87de00}> (0x000000061d87de00) 
thrown [s\src\hotspot\share\prims\jni.cpp, line 516]
Event: 2.442 Thread 0x000002b91605fda0 Exception <a 'sun/nio/fs/WindowsException'{0x000000061d87f748}> (0x000000061d87f748) 
thrown [s\src\hotspot\share\prims\jni.cpp, line 516]
Event: 2.442 Thread 0x000002b91605fda0 Exception <a 'sun/nio/fs/WindowsException'{0x000000061d880f88}> (0x000000061d880f88) 
thrown [s\src\hotspot\share\prims\jni.cpp, line 516]
Event: 2.443 Thread 0x000002b91605fda0 Exception <a 'sun/nio/fs/WindowsException'{0x000000061d8825c8}> (0x000000061d8825c8) 
thrown [s\src\hotspot\share\prims\jni.cpp, line 516]
Event: 2.458 Thread 0x000002b91605fda0 Exception <a 'sun/nio/fs/WindowsException'{0x000000061d984b80}> (0x000000061d984b80) 
thrown [s\src\hotspot\share\prims\jni.cpp, line 516]
Event: 2.459 Thread 0x000002b91605fda0 Exception <a 'sun/nio/fs/WindowsException'{0x000000061d985260}> (0x000000061d985260) 
thrown [s\src\hotspot\share\prims\jni.cpp, line 516]
Event: 2.472 Thread 0x000002b91605fda0 Exception <a 'sun/nio/fs/WindowsException'{0x000000061d9e2870}> (0x000000061d9e2870) 
thrown [s\src\hotspot\share\prims\jni.cpp, line 516]
Event: 2.478 Thread 0x000002b91605fda0 Exception <a 'java/lang/IncompatibleClassChangeError'{0x000000061da17f60}: Found class java.lang.Object, but interface was expected> (0x000000061da17f60) 
thrown [s\src\hotspot\share\interpreter\linkResolver.cpp, line 826]
Event: 2.528 Thread 0x000002b91605fda0 Exception <a 'java/lang/NoSuchMethodError'{0x000000061db76200}: 'int java.lang.invoke.DirectMethodHandle$Holder.invokeInterface(java.lang.Object, java.lang.Object)'> (0x000000061db76200) 
thrown [s\src\hotspot\share\interpreter\linkResolver.cpp, line 759]
Event: 2.529 Thread 0x000002b91605fda0 Exception <a 'sun/nio/fs/WindowsException'{0x000000061db7c400}> (0x000000061db7c400) 
thrown [s\src\hotspot\share\prims\jni.cpp, line 516]
Event: 2.628 Thread 0x000002b91605fda0 Exception <a 'sun/nio/fs/WindowsException'{0x000000061d30e710}> (0x000000061d30e710) 
thrown [s\src\hotspot\share\prims\jni.cpp, line 516]
Event: 2.629 Thread 0x000002b91605fda0 Exception <a 'sun/nio/fs/WindowsException'{0x000000061d310ae8}> (0x000000061d310ae8) 
thrown [s\src\hotspot\share\prims\jni.cpp, line 516]
Event: 2.632 Thread 0x000002b91605fda0 Exception <a 'java/lang/NoSuchMethodError'{0x000000061d3203a8}: 'int java.lang.invoke.DirectMethodHandle$Holder.invokeVirtual(java.lang.Object, java.lang.Object, java.lang.Object)'> (0x000000061d3203a8) 
thrown [s\src\hotspot\share\interpreter\linkResolver.cpp, line 759]

VM Operations (20 events):
Event: 1.116 Executing VM operation: HandshakeAllThreads done
Event: 1.166 Executing VM operation: ICBufferFull
Event: 1.166 Executing VM operation: ICBufferFull done
Event: 1.443 Executing VM operation: ICBufferFull
Event: 1.443 Executing VM operation: ICBufferFull done
Event: 1.553 Executing VM operation: HandshakeAllThreads
Event: 1.553 Executing VM operation: HandshakeAllThreads done
Event: 1.589 Executing VM operation: G1CollectForAllocation
Event: 1.593 Executing VM operation: G1CollectForAllocation done
Event: 1.854 Executing VM operation: ICBufferFull
Event: 1.854 Executing VM operation: ICBufferFull done
Event: 2.032 Executing VM operation: ICBufferFull
Event: 2.032 Executing VM operation: ICBufferFull done
Event: 2.348 Executing VM operation: ICBufferFull
Event: 2.348 Executing VM operation: ICBufferFull done
Event: 2.498 Executing VM operation: HandshakeAllThreads
Event: 2.498 Executing VM operation: HandshakeAllThreads done
Event: 2.527 Executing VM operation: HandshakeAllThreads
Event: 2.527 Executing VM operation: HandshakeAllThreads done
Event: 2.683 Executing VM operation: CollectForMetadataAllocation

Memory protections (0 events):
No events

Nmethod flushes (0 events):
No events

Events (17 events):
Event: 0.019 Thread 0x000002b91605fda0 Thread added: 0x000002b91605fda0
Event: 0.021 Thread 0x000002b91605fda0 Thread added: 0x000002b94018c4a0
Event: 0.021 Thread 0x000002b91605fda0 Thread added: 0x000002b94018d230
Event: 0.027 Thread 0x000002b91605fda0 Thread added: 0x000002b9401a6bc0
Event: 0.027 Thread 0x000002b91605fda0 Thread added: 0x000002b9401a7690
Event: 0.027 Thread 0x000002b91605fda0 Thread added: 0x000002b9401aa580
Event: 0.027 Thread 0x000002b91605fda0 Thread added: 0x000002b9401ad4a0
Event: 0.027 Thread 0x000002b91605fda0 Thread added: 0x000002b9401ce160
Event: 0.028 Thread 0x000002b91605fda0 Thread added: 0x000002b984089fc0
Event: 0.028 Thread 0x000002b91605fda0 Thread added: 0x000002b98408c4f0
Event: 0.036 Thread 0x000002b91605fda0 Thread added: 0x000002b9841b9ee0
Event: 0.039 Thread 0x000002b91605fda0 Thread added: 0x000002b9841bd240
Event: 0.126 Thread 0x000002b91605fda0 Thread added: 0x000002b9844e1ca0
Event: 0.134 Thread 0x000002b9844e1ca0 Thread exited: 0x000002b9844e1ca0
Event: 0.188 Thread 0x000002b9401ce160 Thread added: 0x000002b98459d8e0
Event: 0.411 Thread 0x000002b984089fc0 Thread added: 0x000002b98459b3b0
Event: 1.098 Thread 0x000002b91605fda0 Thread added: 0x000002b9895bcbd0


Dynamic libraries:
0x00007ff773f60000 - 0x00007ff773f6e000 	C:\Program Files\Amazon Corretto\jdk17.0.17_10\bin\java.exe
0x00007ffeca330000 - 0x00007ffeca548000 	C:\WINDOWS\SYSTEM32\ntdll.dll
0x00007ffec9730000 - 0x00007ffec97f4000 	C:\WINDOWS\System32\KERNEL32.DLL
0x00007ffec76b0000 - 0x00007ffec7a83000 	C:\WINDOWS\System32\KERNELBASE.dll
0x00007ffec7590000 - 0x00007ffec76a1000 	C:\WINDOWS\System32\ucrtbase.dll
0x00007ffeb51b0000 - 0x00007ffeb51c8000 	C:\Program Files\Amazon Corretto\jdk17.0.17_10\bin\jli.dll
0x00007ffeb2930000 - 0x00007ffeb294e000 	C:\Program Files\Amazon Corretto\jdk17.0.17_10\bin\VCRUNTIME140.dll
0x00007ffec9570000 - 0x00007ffec9722000 	C:\WINDOWS\System32\USER32.dll
0x00007ffeb54b0000 - 0x00007ffeb574c000 	C:\WINDOWS\WinSxS\amd64_microsoft.windows.common-controls_6595b64144ccf1df_6.0.22621.6060_none_2712eda17382d24b\COMCTL32.dll
0x00007ffec7430000 - 0x00007ffec7456000 	C:\WINDOWS\System32\win32u.dll
0x00007ffeca240000 - 0x00007ffeca2e7000 	C:\WINDOWS\System32\msvcrt.dll
0x00007ffec9c90000 - 0x00007ffec9cb9000 	C:\WINDOWS\System32\GDI32.dll
0x00007ffec7460000 - 0x00007ffec7583000 	C:\WINDOWS\System32\gdi32full.dll
0x00007ffec7b90000 - 0x00007ffec7c2a000 	C:\WINDOWS\System32\msvcp_win.dll
0x00007ffec81f0000 - 0x00007ffec8221000 	C:\WINDOWS\System32\IMM32.DLL
0x00007ffec3a90000 - 0x00007ffec3a9c000 	C:\Program Files\Amazon Corretto\jdk17.0.17_10\bin\vcruntime140_1.dll
0x00007ffe90250000 - 0x00007ffe902d9000 	C:\Program Files\Amazon Corretto\jdk17.0.17_10\bin\msvcp140.dll
0x00007ffe35d30000 - 0x00007ffe369a4000 	C:\Program Files\Amazon Corretto\jdk17.0.17_10\bin\server\jvm.dll
0x00007ffec8ab0000 - 0x00007ffec8b61000 	C:\WINDOWS\System32\ADVAPI32.dll
0x00007ffec8250000 - 0x00007ffec82f8000 	C:\WINDOWS\System32\sechost.dll
0x00007ffec7fa0000 - 0x00007ffec7fc8000 	C:\WINDOWS\System32\bcrypt.dll
0x00007ffec8060000 - 0x00007ffec8178000 	C:\WINDOWS\System32\RPCRT4.dll
0x00007ffec9c00000 - 0x00007ffec9c71000 	C:\WINDOWS\System32\WS2_32.dll
0x00007ffec6da0000 - 0x00007ffec6ded000 	C:\WINDOWS\SYSTEM32\POWRPROF.dll
0x00007ffebf6a0000 - 0x00007ffebf6aa000 	C:\WINDOWS\SYSTEM32\VERSION.dll
0x00007ffec1520000 - 0x00007ffec1554000 	C:\WINDOWS\SYSTEM32\WINMM.dll
0x00007ffec6d50000 - 0x00007ffec6d63000 	C:\WINDOWS\SYSTEM32\UMPDC.dll
0x00007ffec6360000 - 0x00007ffec6378000 	C:\WINDOWS\SYSTEM32\kernel.appcore.dll
0x00007ffeb2970000 - 0x00007ffeb297a000 	C:\Program Files\Amazon Corretto\jdk17.0.17_10\bin\jimage.dll
0x00007ffeb7900000 - 0x00007ffeb7b33000 	C:\WINDOWS\SYSTEM32\DBGHELP.DLL
0x00007ffec8600000 - 0x00007ffec8992000 	C:\WINDOWS\System32\combase.dll
0x00007ffec9800000 - 0x00007ffec98d8000 	C:\WINDOWS\System32\OLEAUT32.dll
0x00007ffe9e6c0000 - 0x00007ffe9e6f2000 	C:\WINDOWS\SYSTEM32\dbgcore.DLL
0x00007ffec7b10000 - 0x00007ffec7b8b000 	C:\WINDOWS\System32\bcryptPrimitives.dll
0x00007ffeaa440000 - 0x00007ffeaa466000 	C:\Program Files\Amazon Corretto\jdk17.0.17_10\bin\java.dll
0x00007ffe8e3e0000 - 0x00007ffe8e4b7000 	C:\Program Files\Amazon Corretto\jdk17.0.17_10\bin\jsvml.dll
0x00007ffec8b70000 - 0x00007ffec940e000 	C:\WINDOWS\System32\SHELL32.dll
0x00007ffec7c30000 - 0x00007ffec7d6f000 	C:\WINDOWS\System32\wintypes.dll
0x00007ffec52c0000 - 0x00007ffec5bd8000 	C:\WINDOWS\SYSTEM32\windows.storage.dll
0x00007ffec89a0000 - 0x00007ffec8aa4000 	C:\WINDOWS\System32\SHCORE.dll
0x00007ffec8590000 - 0x00007ffec85f9000 	C:\WINDOWS\System32\shlwapi.dll
0x00007ffec7360000 - 0x00007ffec7385000 	C:\WINDOWS\SYSTEM32\profapi.dll
0x00007ffea4be0000 - 0x00007ffea4bfb000 	C:\Program Files\Amazon Corretto\jdk17.0.17_10\bin\net.dll
0x00007ffec1cb0000 - 0x00007ffec1ddc000 	C:\WINDOWS\SYSTEM32\WINHTTP.dll
0x00007ffec6880000 - 0x00007ffec68e9000 	C:\WINDOWS\system32\mswsock.dll
0x00007ffea1f50000 - 0x00007ffea1f66000 	C:\Program Files\Amazon Corretto\jdk17.0.17_10\bin\nio.dll
0x00007ffea1f00000 - 0x00007ffea1f18000 	C:\Program Files\Amazon Corretto\jdk17.0.17_10\bin\zip.dll
0x00007ffea0ba0000 - 0x00007ffea0bc4000 	C:\Program Files\Apache\Maven\apache-maven-3.9.11\lib\jansi-native\Windows\x86_64\jansi.dll
0x00007ffea4b00000 - 0x00007ffea4b10000 	C:\Program Files\Amazon Corretto\jdk17.0.17_10\bin\verify.dll
0x00007ffec64d0000 - 0x00007ffec6504000 	C:\WINDOWS\SYSTEM32\ntmarta.dll

dbghelp: loaded successfully - version: 4.0.5 - missing functions: none
symbol engine: initialized successfully - sym options: 0x614 - pdb path: .;C:\Program Files\Amazon Corretto\jdk17.0.17_10\bin;C:\WINDOWS\SYSTEM32;C:\WINDOWS\WinSxS\amd64_microsoft.windows.common-controls_6595b64144ccf1df_6.0.22621.6060_none_2712eda17382d24b;C:\Program Files\Amazon Corretto\jdk17.0.17_10\bin\server;C:\Program Files\Apache\Maven\apache-maven-3.9.11\lib\jansi-native\Windows\x86_64

VM Arguments:
jvm_args: --enable-native-access=ALL-UNNAMED -Dclassworlds.conf=C:\Program Files\Apache\Maven\apache-maven-3.9.11\bin\m2.conf -Dmaven.home=C:\Program Files\Apache\Maven\apache-maven-3.9.11 -Dlibrary.jansi.path=C:\Program Files\Apache\Maven\apache-maven-3.9.11\lib\jansi-native -Dmaven.multiModuleProjectDirectory=C:\Users\Soph\Documents\ING. SOFTWARE\QA - AUTOMATION\PROYECTOS\qa-karate-api-bookings 
java_command: org.codehaus.plexus.classworlds.launcher.Launcher clean test -Dtest=mock.MockServerRunner
java_class_path (initial): C:\Program Files\Apache\Maven\apache-maven-3.9.11\boot\plexus-classworlds-2.9.0.jar
Launcher Type: SUN_STANDARD

[Global flags]
     intx CICompilerCount                          = 4                                         {product} {ergonomic}
     uint ConcGCThreads                            = 3                                         {product} {ergonomic}
     uint G1ConcRefinementThreads                  = 10                                        {product} {ergonomic}
   size_t G1HeapRegionSize                         = 4194304                                   {product} {ergonomic}
    uintx GCDrainStackTargetSize                   = 64                                        {product} {ergonomic}
   size_t InitialHeapSize                          = 536870912                                 {product} {ergonomic}
   size_t MarkStackSize                            = 4194304                                   {product} {ergonomic}
   size_t MaxHeapSize                              = 8552185856                                {product} {ergonomic}
   size_t MaxNewSize                               = 5129633792                                {product} {ergonomic}
   size_t MinHeapDeltaBytes                        = 4194304                                   {product} {ergonomic}
   size_t MinHeapSize                              = 8388608                                   {product} {ergonomic}
    uintx NonNMethodCodeHeapSize                   = 5839372                                {pd product} {ergonomic}
    uintx NonProfiledCodeHeapSize                  = 122909434                              {pd product} {ergonomic}
    uintx ProfiledCodeHeapSize                     = 122909434                              {pd product} {ergonomic}
    uintx ReservedCodeCacheSize                    = 251658240                              {pd product} {ergonomic}
     bool SegmentedCodeCache                       = true                                      {product} {ergonomic}
   size_t SoftMaxHeapSize                          = 8552185856                             {manageable} {ergonomic}
     bool UseCompressedClassPointers               = true                           {product lp64_product} {ergonomic}
     bool UseCompressedOops                        = true                           {product lp64_product} {ergonomic}
     bool UseG1GC                                  = true                                      {product} {ergonomic}
     bool UseLargePagesIndividualAllocation        = false                                  {pd product} {ergonomic}

Logging:
Log output configuration:
 #0: stdout all=warning uptime,level,tags
 #1: stderr all=off uptime,level,tags

Environment Variables:
JAVA_HOME=C:\Program Files\Amazon Corretto\jdk17.0.17_10
PATH=C:\Program Files\Amazon Corretto\jdk17.0.17_10\bin;C:\Program Files\Amazon Corretto\jdk1.8.0_472\bin;C:\Program Files\Microsoft MPI\Bin\;C:\Program Files (x86)\Common Files\Intel\Shared Libraries\redist\intel64\compiler;C:\Program Files\Common Files\Oracle\Java\javapath;C:\Program Files (x86)\Common Files\Oracle\Java\java8path;C:\Program Files (x86)\Common Files\Oracle\Java\javapath;C:\WINDOWS\system32;C:\WINDOWS;C:\WINDOWS\System32\Wbem;C:\WINDOWS\System32\WindowsPowerShell\v1.0\;C:\WINDOWS\System32\OpenSSH\;C:\Program Files\dotnet\;C:\Program Files\Docker\Docker\resources\bin;C:\Program Files\NVIDIA Corporation\NVIDIA app\NvDLISR;C:\Program Files (x86)\NVIDIA Corporation\PhysX\Common;C:\Program Files\Amazon Corretto\jdk1.8.0_472\bin;C:\Users\Soph\AppData\Local\Android\Sdk\platform-tools;C:\Users\Soph\AppData\Local\Android\Sdk\emulator;C:\Users\Soph\AppData\Local\Android\Sdk\tools;C:\Users\Soph\AppData\Local\Android\Sdk\tools\bin;C:\Program Files\Git\cmd;C:\Program Files\Microsoft SQL Server\150\Tools\Binn\;C:\Program Files\Microsoft SQL Server\Client SDK\ODBC\170\Tools\Binn\;C:\Program Files (x86)\Microsoft SQL Server\160\Tools\Binn\;C:\Program Files\Microsoft SQL Server\160\Tools\Binn\;C:\Program Files\Microsoft SQL Server\160\DTS\Binn\;C:\Program Files (x86)\Microsoft SQL Server\160\DTS\Binn\;C:\Program Files\nodejs\;C:\Program Files (x86)\Windows Kits\10\Windows Performance Toolkit\;C:\Program Files\Apache\Maven\apache-maven-3.9.11\bin;C:\Program Files\Java\jdk-25\bin;C:\Program Files\MySQL\MySQL Shell 8.0\bin\;C:\Users\Soph\AppData\Local\Programs\Python\Python313\Scripts\;C:\Users\Soph\AppData\Local\Programs\Python\Python313\;C:\Users\Soph\AppData\Local\Programs\Python\Launcher\;C:\Users\Soph\AppData\Local\Microsoft\WindowsApps;;C:\Users\Soph\AppData\Local\spicetify;C:\Users\Soph\AppData\Local\Programs\Microsoft VS Code\bin;C:\Program Files\JetBrains\WebStorm 2024.3.5\bin;C:\Users\Soph\.dotnet\tools;C:\Program Files\JetBrains\PyCharm 2025.1.1.1\bin;C:\Users\Soph\.dotnet\tools;C:\Users\Soph\AppData\Roaming\npm;C:\Users\Soph\AppData\Local\Microsoft\WindowsApps;C:\Program Files\JetBrains\IntelliJ IDEA 2025.1.4.1\bin;
USERNAME=Soph
OS=Windows_NT
PROCESSOR_IDENTIFIER=Intel64 Family 6 Model 165 Stepping 5, GenuineIntel
TMP=C:\Users\Soph\AppData\Local\Temp
TEMP=C:\Users\Soph\AppData\Local\Temp



Periodic native trim disabled


---------------  S Y S T E M  ---------------

OS:
 Windows 11 , 64 bit Build 22621 (10.0.22621.5415)
OS uptime: 0 days 8:58 hours
Hyper-V role detected

CPU: total 12 (initial active 12) (6 cores per cpu, 2 threads per core) family 6 model 165 stepping 5 microcode 0xec, cx8, cmov, fxsr, ht, mmx, 3dnowpref, sse, sse2, sse3, ssse3, sse4.1, sse4.2, popcnt, lzcnt, tsc, tscinvbit, avx, avx2, aes, erms, clmul, bmi1, bmi2, adx, fma, vzeroupper, clflush, clflushopt, hv
Processor Information for all 12 processors :
  Max Mhz: 2904, Current Mhz: 2904, Mhz Limit: 2904

Memory: 4k page, system-wide physical 32617M (17787M free)
TotalPageFile size 77617M (AvailPageFile size 58024M)
current process WorkingSet (physical memory assigned to process): 208M, peak: 208M
current process commit charge ("private bytes"): 684M, peak: 688M

vm_info: OpenJDK 64-Bit Server VM (17.0.17+10-LTS) for windows-amd64 JRE (17.0.17+10-LTS), built on Oct 16 2025 05:23:10 by "Administrator" with unknown MS VC++:1944

END.
